// Vitest Snapshot v1

exports[`Redis example > Snapshot 1`] = `
[
  {
    "apiVersion": "v1",
    "kind": "Namespace",
    "metadata": {
      "labels": {
        "app": "example-redis-app",
        "environment": "development",
        "managed-by": "cdk8s",
        "region": "local",
        "service": "example-redis-app-development-local",
      },
      "name": "example-redis-app-test",
      "namespace": "example-redis-app-test",
    },
  },
  {
    "apiVersion": "v1",
    "kind": "ResourceQuota",
    "metadata": {
      "labels": {
        "app": "example-redis-app",
        "environment": "development",
        "managed-by": "cdk8s",
        "region": "local",
        "service": "example-redis-app-development-local",
      },
      "name": "quota",
      "namespace": "example-redis-app-test",
    },
    "spec": {
      "hard": {
        "cpu": "200m",
        "memory": "500Mi",
        "pods": 2,
      },
    },
  },
  {
    "apiVersion": "v1",
    "kind": "Service",
    "metadata": {
      "labels": {
        "app": "example-redis-app",
        "environment": "development",
        "instance": "redis-example",
        "managed-by": "cdk8s",
        "region": "local",
        "release": "5.0.7",
        "role": "redis",
        "service": "example-redis-app-development-local",
      },
      "name": "redis-example",
      "namespace": "example-redis-app-test",
    },
    "spec": {
      "clusterIP": "None",
      "ports": [
        {
          "port": 6379,
          "protocol": "TCP",
        },
      ],
      "selector": {
        "app": "example-redis-app",
        "instance": "redis-example",
        "role": "redis",
      },
    },
  },
  {
    "apiVersion": "apps/v1",
    "kind": "StatefulSet",
    "metadata": {
      "labels": {
        "app": "example-redis-app",
        "environment": "development",
        "instance": "redis-example",
        "managed-by": "cdk8s",
        "region": "local",
        "release": "5.0.7",
        "role": "redis",
        "service": "example-redis-app-development-local",
      },
      "name": "redis-example-sts",
      "namespace": "example-redis-app-test",
    },
    "spec": {
      "replicas": 1,
      "selector": {
        "matchLabels": {
          "app": "example-redis-app",
          "instance": "redis-example",
          "role": "redis",
        },
      },
      "serviceName": "redis-example",
      "template": {
        "metadata": {
          "labels": {
            "app": "example-redis-app",
            "environment": "development",
            "instance": "redis-example",
            "managed-by": "cdk8s",
            "region": "local",
            "release": "5.0.7",
            "role": "redis",
            "service": "example-redis-app-development-local",
          },
        },
        "spec": {
          "containers": [
            {
              "command": [
                "redis-server",
                "--appendonly",
                "yes",
              ],
              "env": [
                {
                  "name": "MASTER",
                  "value": "true",
                },
              ],
              "image": "redis:5.0.7",
              "livenessProbe": {
                "failureThreshold": 5,
                "initialDelaySeconds": 5,
                "tcpSocket": {
                  "port": 6379,
                },
                "timeoutSeconds": 5,
              },
              "name": "redis",
              "ports": [
                {
                  "containerPort": 6379,
                },
              ],
              "readinessProbe": {
                "exec": {
                  "command": [
                    "redis-cli",
                    "ping",
                  ],
                },
                "failureThreshold": 5,
                "initialDelaySeconds": 5,
                "timeoutSeconds": 5,
              },
              "resources": {
                "limits": {
                  "cpu": "100m",
                  "memory": "250Mi",
                },
              },
              "volumeMounts": [
                {
                  "mountPath": "/redis-master-data",
                  "name": "data",
                },
              ],
            },
          ],
          "priorityClassName": "database",
          "volumes": [
            {
              "emptyDir": {},
              "name": "data",
            },
          ],
        },
      },
    },
  },
]
`;
