// Vitest Snapshot v1

exports[`Job > Props > All the props 1`] = `
[
  {
    "apiVersion": "batch/v1",
    "kind": "Job",
    "metadata": {
      "labels": {
        "app": "my-app",
        "environment": "test",
        "instance": "test",
        "region": "local",
        "release": "v1",
        "role": "job",
      },
      "name": "test-job-test-c8bf5102",
      "namespace": "test",
    },
    "spec": {
      "backoffLimit": 1,
      "template": {
        "metadata": {
          "labels": {
            "app": "my-app",
            "environment": "test",
            "instance": "test",
            "region": "local",
            "release": "v1",
            "role": "job",
          },
        },
        "spec": {
          "containers": [
            {
              "args": [
                "--foo",
                "bar",
              ],
              "command": [
                "/bin/sh",
                "-c",
                "echo hello",
              ],
              "env": [
                {
                  "name": "FOO",
                  "value": "bar",
                },
              ],
              "envFrom": [
                {
                  "configMapRef": {
                    "name": "foo-config",
                  },
                },
              ],
              "image": "talis/app:worker-v1",
              "imagePullPolicy": "Always",
              "lifecycle": {
                "postStart": {
                  "exec": {
                    "command": [
                      "/bin/sh",
                      "-c",
                      "echo hello",
                    ],
                  },
                },
                "preStop": {
                  "exec": {
                    "command": [
                      "/bin/sh",
                      "-c",
                      "echo goodbye",
                    ],
                  },
                },
              },
              "name": "my-container",
              "resources": {
                "limits": {
                  "cpu": 1,
                  "memory": "1Gi",
                },
                "requests": {
                  "cpu": 0.1,
                  "memory": "100Mi",
                },
              },
              "securityContext": {
                "runAsGroup": 1000,
                "runAsNonRoot": true,
                "runAsUser": 1000,
              },
              "volumeMounts": [
                {
                  "mountPath": "/tmp",
                  "name": "tmp-dir",
                },
              ],
              "workingDir": "/some/path",
            },
          ],
          "imagePullSecrets": [
            {
              "name": "foo-secret",
            },
          ],
          "initContainers": [
            {
              "command": [
                "/bin/sh",
                "-c",
                "echo hello",
              ],
              "image": "busybox:1.35.0",
              "name": "init-container",
            },
          ],
          "restartPolicy": "Never",
          "volumes": [
            {
              "emptyDir": {},
              "name": "tmp-dir",
            },
          ],
        },
      },
      "ttlSecondsAfterFinished": 30,
    },
  },
]
`;

exports[`Job > Props > Minimal required props 1`] = `
[
  {
    "apiVersion": "batch/v1",
    "kind": "Job",
    "metadata": {
      "labels": {
        "instance": "job-test",
        "release": "v1",
        "role": "job",
      },
      "name": "test-job-test-c8bf5102",
    },
    "spec": {
      "backoffLimit": 0,
      "template": {
        "metadata": {
          "labels": {
            "instance": "job-test",
            "release": "v1",
            "role": "job",
          },
        },
        "spec": {
          "containers": [
            {
              "image": "talis/app:worker-v1",
              "imagePullPolicy": "IfNotPresent",
              "name": "app",
              "resources": {
                "requests": {
                  "cpu": "100m",
                  "memory": "100Mi",
                },
              },
            },
          ],
          "restartPolicy": "Never",
        },
      },
    },
  },
]
`;
