// Vitest Snapshot v1, https://vitest.dev/guide/snapshot.html

exports[`Memcached example > Snapshot 1`] = `
[
  {
    "apiVersion": "v1",
    "kind": "Namespace",
    "metadata": {
      "labels": {
        "app": "example-memcached-app",
        "environment": "development",
        "managed-by": "cdk8s",
        "region": "local",
        "release": "test",
        "service": "example-memcached-app-development-local",
      },
      "name": "example-memcached-app-test",
      "namespace": "example-memcached-app-test",
    },
  },
  {
    "apiVersion": "v1",
    "kind": "ResourceQuota",
    "metadata": {
      "labels": {
        "app": "example-memcached-app",
        "environment": "development",
        "managed-by": "cdk8s",
        "region": "local",
        "service": "example-memcached-app-development-local",
      },
      "name": "quota",
      "namespace": "example-memcached-app-test",
    },
    "spec": {
      "hard": {
        "cpu": "100m",
        "memory": "128Mi",
        "pods": 2,
      },
    },
  },
  {
    "apiVersion": "v1",
    "kind": "Service",
    "metadata": {
      "labels": {
        "app": "example-memcached-app",
        "environment": "development",
        "instance": "memcached-example",
        "managed-by": "cdk8s",
        "region": "local",
        "release": "1.5.20",
        "role": "memcached",
        "service": "example-memcached-app-development-local",
      },
      "name": "memcached-example",
      "namespace": "example-memcached-app-test",
    },
    "spec": {
      "clusterIP": "None",
      "ports": [
        {
          "port": 11211,
          "protocol": "TCP",
        },
      ],
      "selector": {
        "app": "example-memcached-app",
        "instance": "memcached-example",
        "role": "memcached",
      },
    },
  },
  {
    "apiVersion": "apps/v1",
    "kind": "StatefulSet",
    "metadata": {
      "labels": {
        "app": "example-memcached-app",
        "environment": "development",
        "instance": "memcached-example",
        "managed-by": "cdk8s",
        "region": "local",
        "release": "1.5.20",
        "role": "memcached",
        "service": "example-memcached-app-development-local",
      },
      "name": "memcached-example-sts",
      "namespace": "example-memcached-app-test",
    },
    "spec": {
      "replicas": 1,
      "selector": {
        "matchLabels": {
          "app": "example-memcached-app",
          "instance": "memcached-example",
          "role": "memcached",
        },
      },
      "serviceName": "memcached-example",
      "template": {
        "metadata": {
          "labels": {
            "app": "example-memcached-app",
            "environment": "development",
            "instance": "memcached-example",
            "managed-by": "cdk8s",
            "region": "local",
            "release": "1.5.20",
            "role": "memcached",
            "service": "example-memcached-app-development-local",
          },
        },
        "spec": {
          "containers": [
            {
              "args": [
                "--memory-limit=64",
              ],
              "image": "memcached:1.5.20",
              "livenessProbe": {
                "failureThreshold": 5,
                "initialDelaySeconds": 5,
                "tcpSocket": {
                  "port": 11211,
                },
                "timeoutSeconds": 5,
              },
              "name": "memcached",
              "ports": [
                {
                  "containerPort": 11211,
                },
              ],
              "readinessProbe": {
                "failureThreshold": 5,
                "initialDelaySeconds": 5,
                "tcpSocket": {
                  "port": 11211,
                },
                "timeoutSeconds": 5,
              },
              "resources": {
                "limits": {
                  "cpu": "50m",
                  "memory": "64Mi",
                },
              },
            },
          ],
          "priorityClassName": "database",
        },
      },
    },
  },
]
`;
