// Vitest Snapshot v1

exports[`Mongo example > Snapshot 1`] = `
[
  {
    "apiVersion": "v1",
    "kind": "Namespace",
    "metadata": {
      "labels": {
        "app": "example-mongo-app",
        "environment": "development",
        "managed-by": "cdk8s",
        "region": "local",
        "service": "example-mongo-app-development-local",
      },
      "name": "example-mongo-app-test",
      "namespace": "example-mongo-app-test",
    },
  },
  {
    "apiVersion": "v1",
    "kind": "ResourceQuota",
    "metadata": {
      "labels": {
        "app": "example-mongo-app",
        "environment": "development",
        "managed-by": "cdk8s",
        "region": "local",
        "service": "example-mongo-app-development-local",
      },
      "name": "quota",
      "namespace": "example-mongo-app-test",
    },
    "spec": {
      "hard": {
        "cpu": "200m",
        "memory": "1000Mi",
        "pods": 2,
      },
    },
  },
  {
    "apiVersion": "v1",
    "kind": "Service",
    "metadata": {
      "labels": {
        "app": "example-mongo-app",
        "environment": "development",
        "instance": "redis-example",
        "managed-by": "cdk8s",
        "region": "local",
        "release": "3.2.8",
        "role": "mongo",
        "service": "example-mongo-app-development-local",
      },
      "name": "redis-example",
      "namespace": "example-mongo-app-test",
    },
    "spec": {
      "clusterIP": "None",
      "ports": [
        {
          "port": 27017,
          "protocol": "TCP",
        },
      ],
      "selector": {
        "app": "example-mongo-app",
        "instance": "redis-example",
        "role": "mongo",
      },
      "type": "ClusterIP",
    },
  },
  {
    "apiVersion": "apps/v1",
    "kind": "StatefulSet",
    "metadata": {
      "labels": {
        "app": "example-mongo-app",
        "environment": "development",
        "instance": "redis-example",
        "managed-by": "cdk8s",
        "region": "local",
        "release": "3.2.8",
        "role": "mongo",
        "service": "example-mongo-app-development-local",
      },
      "name": "redis-example-sts",
      "namespace": "example-mongo-app-test",
    },
    "spec": {
      "replicas": 1,
      "selector": {
        "matchLabels": {
          "app": "example-mongo-app",
          "instance": "redis-example",
          "role": "mongo",
        },
      },
      "serviceName": "redis-example",
      "template": {
        "metadata": {
          "labels": {
            "app": "example-mongo-app",
            "environment": "development",
            "instance": "redis-example",
            "managed-by": "cdk8s",
            "region": "local",
            "release": "3.2.8",
            "role": "mongo",
            "service": "example-mongo-app-development-local",
          },
        },
        "spec": {
          "containers": [
            {
              "args": [
                "--storageEngine",
                "mmapv1",
                "--smallfiles",
              ],
              "image": "mongo:3.2.8",
              "livenessProbe": {
                "failureThreshold": 5,
                "initialDelaySeconds": 5,
                "tcpSocket": {
                  "port": 27017,
                },
                "timeoutSeconds": 5,
              },
              "name": "mongo",
              "ports": [
                {
                  "containerPort": 27017,
                },
              ],
              "readinessProbe": {
                "exec": {
                  "command": [
                    "mongo",
                    "--eval",
                    "db.adminCommand('ping')",
                  ],
                },
                "failureThreshold": 5,
                "initialDelaySeconds": 5,
                "timeoutSeconds": 5,
              },
              "resources": {
                "limits": {
                  "cpu": "100m",
                  "memory": "500Mi",
                },
              },
              "volumeMounts": [
                {
                  "mountPath": "/data/db",
                  "name": "mongo-data",
                },
              ],
            },
          ],
          "priorityClassName": "database",
        },
      },
      "volumeClaimTemplates": [
        {
          "metadata": {
            "name": "mongo-data",
          },
          "spec": {
            "accessModes": [
              "ReadWriteOnce",
            ],
            "resources": {
              "requests": {
                "storage": "20Gi",
              },
            },
            "storageClassName": "general-purpose-delete",
          },
        },
      ],
    },
  },
]
`;
